This is a test file for health report upload
